// Jest Snapshot v1, https://goo.gl/fbAQLP

exports[`@snowpack/plugin-optimize minimal - no minification: console.log 1`] = ``;

exports[`@snowpack/plugin-optimize minimal - no minification: fs.writeFileSync 1`] = `
FILE: stubs/minimal/__snowpack__/optimize-manifest.json
{
  "imports": {
    "/index.html": {
      "entry": [
        "/do-not-preload-2.js",
        "/index.js"
      ],
      "css": [
        "/style.css"
      ],
      "js": [
        "/do-not-preload-2.js",
        "/esm_example.js",
        "/index.js"
      ]
    }
  },
  "generated": []
}
`;

exports[`@snowpack/plugin-optimize minimal - no options: console.log 1`] = ``;

exports[`@snowpack/plugin-optimize minimal - no options: fs.writeFileSync 1`] = `
FILE: stubs/minimal/__snowpack__/optimize-manifest.json
{
  "imports": {
    "/index.html": {
      "entry": [
        "/do-not-preload-2.js",
        "/index.js"
      ],
      "css": [
        "/style.css"
      ],
      "js": [
        "/do-not-preload-2.js",
        "/esm_example.js",
        "/index.js"
      ]
    }
  },
  "generated": []
}

--------------------------------------------------------------------------------

FILE: stubs/minimal/do-not-preload-1.js
console.error("Error: this file in a comment shouldn’t be preloaded");


--------------------------------------------------------------------------------

FILE: stubs/minimal/do-not-preload-2.js
console.error("Error: this entry file shouldn’t be preloaded, either (it’s already in the entry)");


--------------------------------------------------------------------------------

FILE: stubs/minimal/do-not-preload-3.js
console.error("Error: this lazy-loaded file should not be preloaded (then it’s not lazy-loaded)");


--------------------------------------------------------------------------------

FILE: stubs/minimal/esm_example.js
export default function e(){return console.log("example"),1}


--------------------------------------------------------------------------------

FILE: stubs/minimal/index.html
<!DOCTYPE html><html lang="en"><head><meta charset="UTF-8"/><title>Minimal test</title><link rel="stylesheet" href="style.css"/></head><body><script type="module" src="index.js"></script><script type="module" src="./do-not-preload-2.js"></script></body></html>

--------------------------------------------------------------------------------

FILE: stubs/minimal/index.js
import"./esm_example.js";import("./do-not-preload-3.js"),(()=>{function o(e){console.log(e)}o("test")})();


--------------------------------------------------------------------------------

FILE: stubs/minimal/style.css
body{border:1px solid red}
`;

exports[`@snowpack/plugin-optimize no HTML minification, with preloadModules: console.log 1`] = ``;

exports[`@snowpack/plugin-optimize no HTML minification, with preloadModules: fs.writeFileSync 1`] = `
FILE: stubs/minimal/__snowpack__/optimize-manifest.json
{
  "imports": {
    "/index.html": {
      "entry": [
        "/do-not-preload-2.js",
        "/index.js"
      ],
      "css": [
        "/style.css"
      ],
      "js": [
        "/do-not-preload-2.js",
        "/esm_example.js",
        "/index.js"
      ]
    }
  },
  "generated": []
}

--------------------------------------------------------------------------------

FILE: stubs/minimal/do-not-preload-1.js
console.error("Error: this file in a comment shouldn’t be preloaded");


--------------------------------------------------------------------------------

FILE: stubs/minimal/do-not-preload-2.js
console.error("Error: this entry file shouldn’t be preloaded, either (it’s already in the entry)");


--------------------------------------------------------------------------------

FILE: stubs/minimal/do-not-preload-3.js
console.error("Error: this lazy-loaded file should not be preloaded (then it’s not lazy-loaded)");


--------------------------------------------------------------------------------

FILE: stubs/minimal/esm_example.js
export default function e(){return console.log("example"),1}


--------------------------------------------------------------------------------

FILE: stubs/minimal/index.js
import"./esm_example.js";import("./do-not-preload-3.js"),(()=>{function o(e){console.log(e)}o("test")})();


--------------------------------------------------------------------------------

FILE: stubs/minimal/style.css
body{border:1px solid red}
`;
